[    6621ms] [ERROR] Failed to load resource: the server responded with a status of 404 () @ https://www.honeypot.com.sg/z0f76a1d14fd21a8fb5fd0d03e0fdc3d3cedae52f?id=a6105c0a611b41b08f1209506350279e&ts=1778219955&wsidchk=9661293&pdata=https%253A%252F%252Fwww.honeypot.com.sg&failedChecks=userAgentCheck&failedChecks=appVersionCheck:0
[   12520ms] [ERROR] Failed to load resource: the server responded with a status of 404 () @ https://www.honeypot.com.sg/z0f76a1d14fd21a8fb5fd0d03e0fdc3d3cedae52f?id=a6105c0a611b41b08f1209506350279e&ts=1778219961&wsidchk=7106914&pdata=https%253A%252F%252Fwww.honeypot.com.sg&failedChecks=userAgentCheck&failedChecks=appVersionCheck:0
[   17937ms] [ERROR] Failed to load resource: the server responded with a status of 404 () @ https://www.honeypot.com.sg/z0f76a1d14fd21a8fb5fd0d03e0fdc3d3cedae52f?id=a6105c0a611b41b08f1209506350279e&ts=1778219967&wsidchk=9674646&pdata=https%253A%252F%252Fwww.honeypot.com.sg&failedChecks=userAgentCheck&failedChecks=appVersionCheck:0
[   22652ms] [ERROR] Failed to load resource: the server responded with a status of 404 () @ https://www.honeypot.com.sg/z0f76a1d14fd21a8fb5fd0d03e0fdc3d3cedae52f?id=a6105c0a611b41b08f1209506350279e&ts=1778219973&wsidchk=10198685&pdata=https%253A%252F%252Fwww.honeypot.com.sg&failedChecks=userAgentCheck&failedChecks=appVersionCheck:0
[   28958ms] [ERROR] Failed to load resource: the server responded with a status of 404 () @ https://www.honeypot.com.sg/z0f76a1d14fd21a8fb5fd0d03e0fdc3d3cedae52f?id=a6105c0a611b41b08f1209506350279e&ts=1778219979&wsidchk=7498349&pdata=https%253A%252F%252Fwww.honeypot.com.sg&failedChecks=userAgentCheck&failedChecks=appVersionCheck:0
[   34383ms] [ERROR] Failed to load resource: the server responded with a status of 404 () @ https://www.honeypot.com.sg/z0f76a1d14fd21a8fb5fd0d03e0fdc3d3cedae52f?id=a6105c0a611b41b08f1209506350279e&ts=1778219984&wsidchk=9935469&pdata=https%253A%252F%252Fwww.honeypot.com.sg&failedChecks=userAgentCheck&failedChecks=appVersionCheck:0
[   40051ms] [ERROR] Failed to load resource: the server responded with a status of 404 () @ https://www.honeypot.com.sg/z0f76a1d14fd21a8fb5fd0d03e0fdc3d3cedae52f?id=a6105c0a611b41b08f1209506350279e&ts=1778219990&wsidchk=6788248&pdata=https%253A%252F%252Fwww.honeypot.com.sg&failedChecks=userAgentCheck&failedChecks=appVersionCheck:0
[   46394ms] [ERROR] Failed to load resource: the server responded with a status of 404 () @ https://www.honeypot.com.sg/z0f76a1d14fd21a8fb5fd0d03e0fdc3d3cedae52f?id=a6105c0a611b41b08f1209506350279e&ts=1778219996&wsidchk=6790344&pdata=https%253A%252F%252Fwww.honeypot.com.sg&failedChecks=userAgentCheck&failedChecks=appVersionCheck:0
[   60776ms] [ERROR] Failed to load resource: the server responded with a status of 404 () @ https://www.honeypot.com.sg/z0f76a1d14fd21a8fb5fd0d03e0fdc3d3cedae52f?id=a6105c0a611b41b08f1209506350279e&ts=1778220007&wsidchk=6986346&pdata=https%253A%252F%252Fwww.honeypot.com.sg&failedChecks=userAgentCheck&failedChecks=appVersionCheck:0
[   72023ms] [ERROR] Failed to load resource: the server responded with a status of 404 () @ https://www.honeypot.com.sg/wp-includes/js/jquery/jquery-migrate.min.js?ver=3.4.1:0
[   72024ms] [ERROR] Failed to load resource: the server responded with a status of 404 () @ https://www.honeypot.com.sg/assets/waxing-salon-singapore.jpg:0
[   73405ms] [ERROR] Failed to load resource: the server responded with a status of 404 () @ https://www.honeypot.com.sg/wp-content/themes/sparkling/assets/js/vendor/bootstrap.min.js?ver=285ad032460ecad5fd965ab75ef7ef6c:0
[   73406ms] [ERROR] Failed to load resource: the server responded with a status of 404 () @ https://www.honeypot.com.sg/wp-content/themes/sparkling/assets/js/functions.min.js?ver=285ad032460ecad5fd965ab75ef7ef6c:0
[   73419ms] [ERROR] Failed to load resource: the server responded with a status of 404 () @ https://www.honeypot.com.sg/wp-includes/js/jquery/jquery.min.js?ver=3.7.1:0
[   73421ms] [ERROR] Failed to load resource: the server responded with a status of 404 () @ https://www.honeypot.com.sg/wp-content/themes/sparkling/assets/js/vendor/modernizr.min.js?ver=285ad032460ecad5fd965ab75ef7ef6c:0
[   73432ms] ReferenceError: jQuery is not defined
    at https://www.honeypot.com.sg/:661:4
[   87024ms] [ERROR] Failed to load resource: the server responded with a status of 404 () @ https://www.honeypot.com.sg/assets/body-waxing.png:0
[   87372ms] [ERROR] Failed to load resource: the server responded with a status of 404 () @ https://www.honeypot.com.sg/wp-content/plugins/contact-form-7/includes/js/index.js?ver=5.9.4:0
[   87453ms] [ERROR] Failed to load resource: the server responded with a status of 404 () @ https://www.honeypot.com.sg/assets/logo.png:0
[   87807ms] [ERROR] Failed to load resource: the server responded with a status of 404 () @ https://www.honeypot.com.sg/wp-content/plugins/cf7-google-analytics/js/cf7-google-analytics.min.js?ver=1.8.10:0
[   87811ms] [ERROR] Failed to load resource: the server responded with a status of 404 () @ https://www.honeypot.com.sg/assets/elle.png:0
[   87812ms] [ERROR] Failed to load resource: the server responded with a status of 404 () @ https://www.honeypot.com.sg/wp-content/plugins/contact-form-7/includes/swv/js/index.js?ver=5.9.4:0
[   87879ms] [ERROR] Failed to load resource: the server responded with a status of 404 () @ https://www.honeypot.com.sg/assets/brazilian-waxing.png:0
[   87889ms] [ERROR] Failed to load resource: the server responded with a status of 404 () @ https://www.honeypot.com.sg/wp-content/plugins/popups/public/assets/js/public.js?ver=1.9.3.8:0
[   92338ms] [ERROR] Failed to load resource: net::ERR_NAME_NOT_RESOLVED @ https://s7.addthis.com/js/300/addthis_widget.js#pubid=wp-0491d908f8ffc28097ed4e6ad2f43682:0
[   93942ms] [ERROR] Failed to load resource: the server responded with a status of 404 () @ https://www.honeypot.com.sg/assets/facial-waxing.png:0
[   97091ms] [ERROR] Failed to load resource: the server responded with a status of 404 () @ https://www.honeypot.com.sg/wp-content/plugins/instagram-feed/js/sbi-scripts.min.js?ver=6.10.1:0
[   97093ms] [ERROR] Failed to load resource: the server responded with a status of 404 () @ https://www.honeypot.com.sg/wp-content/themes/sparkling/assets/js/skip-link-focus-fix.min.js?ver=20140222:0
[   97708ms] [ERROR] Failed to load resource: the server responded with a status of 404 () @ https://www.honeypot.com.sg/assets/ipl-treatments.png:0
[  107147ms] [ERROR] Failed to load resource: the server responded with a status of 404 () @ https://www.honeypot.com.sg/wp-content/plugins/mystickyelements/intl-tel-input-src/build/js/intlTelInput.js?ver=2.3.5:0
[  107148ms] [ERROR] Failed to load resource: the server responded with a status of 404 () @ https://www.honeypot.com.sg/assets/prestige.png:0
[  107672ms] [ERROR] Failed to load resource: the server responded with a status of 404 () @ https://www.honeypot.com.sg/assets/tatler-logo.gif:0
[  108194ms] [ERROR] Failed to load resource: the server responded with a status of 404 () @ https://www.honeypot.com.sg/assets/Untitled_2025-10-20.png:0
[  108722ms] [ERROR] Failed to load resource: the server responded with a status of 404 () @ https://www.honeypot.com.sg/wp-content/plugins/instagram-feed/img/placeholder.png:0
[  108736ms] [ERROR] Failed to load resource: the server responded with a status of 404 () @ https://www.honeypot.com.sg/assets/timeout-logo.gif:0
[  108736ms] [ERROR] Failed to load resource: the server responded with a status of 404 () @ https://www.honeypot.com.sg/wp-content/plugins/mystickyelements/js/mailcheck.min.js?ver=2.3.5:0
[  108737ms] [ERROR] Failed to load resource: the server responded with a status of 404 () @ https://www.honeypot.com.sg/wp-content/plugins/mystickyelements/js/mystickyelements-fronted.min.js?ver=2.3.5:0
[  108866ms] [ERROR] Failed to load resource: the server responded with a status of 404 () @ https://www.honeypot.com.sg/wp-content/plugins/mystickyelements/js/jquery.email-autocomplete.min.js?ver=2.3.5:0
[  112481ms] [ERROR] Failed to load resource: the server responded with a status of 404 () @ https://www.honeypot.com.sg/assets/cropped-waxing-salon-singapore-32x32.jpg:0
[  117233ms] [ERROR] Failed to load resource: the server responded with a status of 404 () @ https://www.honeypot.com.sg/assets/cropped-waxing-salon-singapore-192x192.jpg:0
